------------------------------------------------------------
TimeQuest Timing Analyzer Summary
------------------------------------------------------------

Type  : Slow 1200mV 85C Model Setup 'vga_clk_inst|altpll_component|auto_generated|pll1|clk[0]'
Slack : 94.612
TNS   : 0.000

Type  : Slow 1200mV 85C Model Hold 'vga_clk_inst|altpll_component|auto_generated|pll1|clk[0]'
Slack : 0.452
TNS   : 0.000

Type  : Slow 1200mV 85C Model Minimum Pulse Width 'sys_clk'
Slack : 9.934
TNS   : 0.000

Type  : Slow 1200mV 85C Model Minimum Pulse Width 'vga_clk_inst|altpll_component|auto_generated|pll1|clk[0]'
Slack : 55.276
TNS   : 0.000

Type  : Slow 1200mV 0C Model Setup 'vga_clk_inst|altpll_component|auto_generated|pll1|clk[0]'
Slack : 95.758
TNS   : 0.000

Type  : Slow 1200mV 0C Model Hold 'vga_clk_inst|altpll_component|auto_generated|pll1|clk[0]'
Slack : 0.400
TNS   : 0.000

Type  : Slow 1200mV 0C Model Minimum Pulse Width 'sys_clk'
Slack : 9.943
TNS   : 0.000

Type  : Slow 1200mV 0C Model Minimum Pulse Width 'vga_clk_inst|altpll_component|auto_generated|pll1|clk[0]'
Slack : 55.272
TNS   : 0.000

Type  : Fast 1200mV 0C Model Setup 'vga_clk_inst|altpll_component|auto_generated|pll1|clk[0]'
Slack : 103.733
TNS   : 0.000

Type  : Fast 1200mV 0C Model Hold 'vga_clk_inst|altpll_component|auto_generated|pll1|clk[0]'
Slack : 0.160
TNS   : 0.000

Type  : Fast 1200mV 0C Model Minimum Pulse Width 'sys_clk'
Slack : 9.594
TNS   : 0.000

Type  : Fast 1200mV 0C Model Minimum Pulse Width 'vga_clk_inst|altpll_component|auto_generated|pll1|clk[0]'
Slack : 55.288
TNS   : 0.000

------------------------------------------------------------
